Loading GPT-2 small...
Loading weights:   0%|          | 0/148 [00:00<?, ?it/s]Loading weights: 100%|██████████| 148/148 [00:00<00:00, 31979.65it/s]
Warning: You are sending unauthenticated requests to the HF Hub. Please set a HF_TOKEN to enable higher rate limits and faster downloads.
Loaded pretrained model gpt2 into HookedTransformer

=== target = 999 ===
    layer 2: collecting residuals...
    layer 4: collecting residuals...
    layer 6: collecting residuals...
    layer 8: collecting residuals...
    layer 10: collecting residuals...
    layer 11: collecting residuals...
  cosine matrix computed (6×6)
  same-layer transfer at L=2...
    L= 2  transfer α=1 = +0.872
  same-layer transfer at L=4...
    L= 4  transfer α=1 = +0.611
  same-layer transfer at L=6...
    L= 6  transfer α=1 = +0.382
  same-layer transfer at L=8...
    L= 8  transfer α=1 = +0.258
  same-layer transfer at L=10...
    L=10  transfer α=1 = +0.195
  same-layer transfer at L=11...
    L=11  transfer α=1 = +0.094
  d_ 2 → L'=2:+0.872  L'=4:+0.460  L'=6:+0.270  L'=8:+0.139  L'=10:+0.035  L'=11:-0.030
  d_ 4 → L'=2:+0.764  L'=4:+0.611  L'=6:+0.336  L'=8:+0.206  L'=10:+0.060  L'=11:-0.023
  d_ 6 → L'=2:+0.701  L'=4:+0.489  L'=6:+0.382  L'=8:+0.231  L'=10:+0.077  L'=11:-0.009
  d_ 8 → L'=2:+0.600  L'=4:+0.270  L'=6:+0.240  L'=8:+0.258  L'=10:+0.126  L'=11:+0.015
  d_10 → L'=2:+0.465  L'=4:+0.139  L'=6:+0.294  L'=8:+0.279  L'=10:+0.195  L'=11:+0.057
  d_11 → L'=2:+0.313  L'=4:-0.003  L'=6:+0.145  L'=8:+0.260  L'=10:+0.201  L'=11:+0.094
  cosine_999.png
  cross_layer_999.png

=== target = 666 ===
    layer 2: collecting residuals...
    layer 4: collecting residuals...
    layer 6: collecting residuals...
    layer 8: collecting residuals...
    layer 10: collecting residuals...
    layer 11: collecting residuals...
  cosine matrix computed (6×6)
  same-layer transfer at L=2...
    L= 2  transfer α=1 = +0.927
  same-layer transfer at L=4...
    L= 4  transfer α=1 = +0.572
  same-layer transfer at L=6...
    L= 6  transfer α=1 = +0.419
  same-layer transfer at L=8...
    L= 8  transfer α=1 = +0.241
  same-layer transfer at L=10...
    L=10  transfer α=1 = +0.150
  same-layer transfer at L=11...
    L=11  transfer α=1 = +0.068
  d_ 2 → L'=2:+0.927  L'=4:+0.548  L'=6:+0.274  L'=8:+0.079  L'=10:+0.035  L'=11:-0.009
  d_ 4 → L'=2:+0.792  L'=4:+0.572  L'=6:+0.349  L'=8:+0.150  L'=10:+0.047  L'=11:-0.005
  d_ 6 → L'=2:+0.666  L'=4:+0.564  L'=6:+0.419  L'=8:+0.171  L'=10:+0.058  L'=11:+0.002
  d_ 8 → L'=2:+0.574  L'=4:+0.326  L'=6:+0.339  L'=8:+0.241  L'=10:+0.103  L'=11:+0.027
  d_10 → L'=2:+0.389  L'=4:+0.257  L'=6:+0.345  L'=8:+0.252  L'=10:+0.150  L'=11:+0.052
  d_11 → L'=2:-0.057  L'=4:+0.181  L'=6:+0.264  L'=8:+0.252  L'=10:+0.157  L'=11:+0.068
  cosine_666.png
  cross_layer_666.png

=== target = 137 ===
    layer 2: collecting residuals...
    layer 4: collecting residuals...
    layer 6: collecting residuals...
    layer 8: collecting residuals...
    layer 10: collecting residuals...
    layer 11: collecting residuals...
  cosine matrix computed (6×6)
  same-layer transfer at L=2...
    L= 2  transfer α=1 = +0.903
  same-layer transfer at L=4...
    L= 4  transfer α=1 = +0.581
  same-layer transfer at L=6...
    L= 6  transfer α=1 = +0.449
  same-layer transfer at L=8...
    L= 8  transfer α=1 = +0.275
  same-layer transfer at L=10...
    L=10  transfer α=1 = +0.164
  same-layer transfer at L=11...
    L=11  transfer α=1 = +0.099
  d_ 2 → L'=2:+0.903  L'=4:+0.530  L'=6:+0.297  L'=8:+0.127  L'=10:+0.053  L'=11:-0.013
  d_ 4 → L'=2:+0.747  L'=4:+0.581  L'=6:+0.352  L'=8:+0.179  L'=10:+0.072  L'=11:-0.007
  d_ 6 → L'=2:+0.476  L'=4:+0.639  L'=6:+0.449  L'=8:+0.232  L'=10:+0.090  L'=11:+0.008
  d_ 8 → L'=2:+0.543  L'=4:+0.518  L'=6:+0.437  L'=8:+0.275  L'=10:+0.118  L'=11:+0.032
  d_10 → L'=2:-0.098  L'=4:+0.257  L'=6:+0.380  L'=8:+0.269  L'=10:+0.164  L'=11:+0.061
  d_11 → L'=2:+0.058  L'=4:+0.363  L'=6:+0.312  L'=8:+0.270  L'=10:+0.191  L'=11:+0.099
  cosine_137.png
  cross_layer_137.png
  same_layer_transfer.png

=== AGGREGATE OUTCOME: PARTIAL ===
Report: multi_layer_report.txt
Summary JSON: multi_layer_summary.json

Results: /Users/jim/src/apps/constraint_emergence_ontology/markov_object_research/results/21_multi_layer_direction
