Building toy transformer...
Training...
  step     0  loss=2.6899  acc=0.000
  step   100  loss=0.0014  acc=1.000
  step   200  loss=0.0006  acc=1.000
  step   300  loss=0.0004  acc=1.000
  step   400  loss=0.0002  acc=1.000
  step   500  loss=0.0002  acc=1.000
  step   600  loss=0.0001  acc=1.000
  step   700  loss=0.0001  acc=1.000
  step   800  loss=0.0001  acc=1.000
  step   900  loss=0.0001  acc=1.000
  step  1000  loss=0.0001  acc=1.000
  step  1100  loss=0.0000  acc=1.000
  step  1200  loss=0.0000  acc=1.000
  step  1300  loss=0.0000  acc=1.000
  step  1400  loss=0.0000  acc=1.000
  step  1500  loss=0.0000  acc=1.000
  step  1600  loss=0.0000  acc=1.000
  step  1700  loss=0.0000  acc=1.000
  step  1800  loss=0.0000  acc=1.000
  step  1900  loss=0.0000  acc=1.000
  step  1999  loss=0.0000  acc=1.000
Final training accuracy: 1.000
Saved checkpoint: /Users/jim/src/apps/constraint_emergence_ontology/markov_object_research/results/40_explicit_object_control/toy_checkpoint.pt

Mean-diff direction recovery at probe layer ...
  T=1  cos(d, inj_diff)=+1.000  transfer @ alpha=1 = +1.000
  T=2  cos(d, inj_diff)=+1.000  transfer @ alpha=1 = +1.000
  T=3  cos(d, inj_diff)=+1.000  transfer @ alpha=1 = +1.000
  T=4  cos(d, inj_diff)=+1.000  transfer @ alpha=1 = +1.000

Verdict: PASS
  train acc 1.000 (need >=0.95): OK
  mean cos(d, inj_diff) +1.000 (need >=0.70): OK
  mean transfer @ alpha=1 +1.000 (need >=0.80): OK
Report: /Users/jim/src/apps/constraint_emergence_ontology/markov_object_research/results/40_explicit_object_control/report.txt

Results: /Users/jim/src/apps/constraint_emergence_ontology/markov_object_research/results/40_explicit_object_control
